# Doctest for Base Geometry


>>> BaseGeometry = __import__('7-base_geometry').BaseGeometry
>>> bg = BaseGeometry()


# Test case: area method
>>> bg.area()
Traceback (most recent call last):
  ...
Exception: area() is not implemented


# Test case: integer_validator
# ValueError
>>> bg.integer_validator('age', -5)
Traceback (most recent call last):
  ...
ValueError: age must be greater than 0

# ValueError
>>> bg.integer_validator('area', -50)
Traceback (most recent call last):
  ...
ValueError: area must be greater than 0


# TypeError
>>> bg.integer_validator('height', 'tall')
Traceback (most recent call last):
  ...
TypeError: height must be an integer


# Valid input
>>> bg.integer_validator('length', 5)

# Valid input
>>> bg.integer_validator('breadth', 5)


# ValueError
>>> bg.integer_validator('height', 0)
Traceback (most recent call last):
  ...
ValueError: height must be greater than 0

# ValueError
>>> bg.integer_validator('population', 0)
Traceback (most recent call last):
  ...
ValueError: population must be greater than 0
